// Jest Snapshot v1, https://goo.gl/fbAQLP

exports[`<Button /> should render a blue button 1`] = `
.emotion-1 {
  display: -webkit-inline-box;
  display: -webkit-inline-flex;
  display: -ms-inline-flexbox;
  display: inline-flex;
  -webkit-appearance: none;
  -moz-appearance: none;
  -ms-appearance: none;
  appearance: none;
  -webkit-align-items: center;
  -webkit-box-align: center;
  -ms-flex-align: center;
  align-items: center;
  -webkit-box-pack: center;
  -ms-flex-pack: center;
  -webkit-justify-content: center;
  justify-content: center;
  -webkit-transition: all 250ms;
  transition: all 250ms;
  -webkit-user-select: none;
  -moz-user-select: none;
  -ms-user-select: none;
  user-select: none;
  position: relative;
  white-space: nowrap;
  vertical-align: middle;
  outline: 2px solid transparent;
  outline-offset: 2px;
  width: auto;
  line-height: 1.2;
  border-radius: var(--chakra-radii-md);
  font-weight: var(--chakra-fontWeights-bold);
  height: var(--chakra-sizes-10);
  min-width: var(--chakra-sizes-10);
  font-size: var(--chakra-fontSizes-md);
  -webkit-padding-start: var(--chakra-space-4);
  padding-inline-start: var(--chakra-space-4);
  -webkit-padding-end: var(--chakra-space-4);
  padding-inline-end: var(--chakra-space-4);
  background: var(--chakra-colors-whiteAlpha-200);
  color: white;
  background-color: var(--chakra-colors-blue-500);
}

.emotion-1:focus,
.emotion-1[data-focus] {
  box-shadow: var(--chakra-shadows-outline);
}

.emotion-1[disabled],
.emotion-1[aria-disabled=true],
.emotion-1[data-disabled] {
  opacity: 0.4;
  cursor: not-allowed;
  box-shadow: var(--chakra-shadows-none);
}

.emotion-1:hover,
.emotion-1[data-hover] {
  background-color: var(--chakra-colors-blue-500);
}

.emotion-1:active,
.emotion-1[data-active] {
  background: var(--chakra-colors-whiteAlpha-400);
}

<div
  class="emotion-0"
>
  <button
    class="chakra-button emotion-1"
    type="button"
  >
    devspot
  </button>
</div>
`;
